[naza-blond.vercel.app/index.html]
[naza-blond.vercel.app/_next/static/media/7b89a4fd5e90ede0-s.p.woff2]
[naza-blond.vercel.app/_next/static/media/9dd75fadc5b3df29-s.p.woff2]
[naza-blond.vercel.app/_next/static/media/b32c32a0d885e041-s.p.ttf]
[naza-blond.vercel.app/_next/static/media/e18f83c737786aa7-s.p.woff2]
[naza-blond.vercel.app/_next/static/css/d0bad73f5a5d519e.css]
[naza-blond.vercel.app/_next/static/css/65906205cd45c85f.css]
[naza-blond.vercel.app/_next/static/chunks/webpack-4a8ed73ac9b0aaeb.js]
[naza-blond.vercel.app/_next/static/chunks/4bd1b696-c023c6e3521b1417.js]
[naza-blond.vercel.app/_next/static/chunks/main-app-f9b5d20365cb8be2.js]
[naza-blond.vercel.app/_next/static/chunks/255-4f84124391a7dac4.js]
[naza-blond.vercel.app/_next/static/chunks/app/layout-da86696fa8a773cf.js]
[naza-blond.vercel.app/_next/static/chunks/619-9168df9c2a29b74b.js]
[naza-blond.vercel.app/_next/static/chunks/239-b14a4fe25ad1a3df.js]
[naza-blond.vercel.app/_next/static/chunks/app/page-458a16db81d0d6ab.js]
[naza-blond.vercel.app/js/device-tier-system.js]
[backblue.gif]
[fade.gif]
[index.html]
[naza-blond.vercel.app/favicon.ico]
[naza-blond.vercel.app/_next/static/chunks/polyfills-42372ed130431b0a.js]
[naza-blond.vercel.app/shoutout.html]
[naza-blond.vercel.app/gallery.html]
[naza-blond.vercel.app/gift.html]
[naza-blond.vercel.app/index.html]
[naza-blond.vercel.app/shoutouts.html]
[naza-blond.vercel.app/_next/static/media/fd3893c623c32b6d-s.woff2]
[naza-blond.vercel.app/_next/static/media/ea896c3885e026c1-s.woff2]
[naza-blond.vercel.app/_next/static/media/024ead497118aa23-s.woff2]
[naza-blond.vercel.app/_next/static/media/e74f24ed7f0e4323-s.woff2]
[naza-blond.vercel.app/_next/static/media/393d45a2251e223a-s.woff2]
[naza-blond.vercel.app/_next/static/media/8715d2ed531152f4-s.woff2]
[naza-blond.vercel.app/_next/static/media/c48b38fe8bb532f3-s.woff2]
[naza-blond.vercel.app/_next/static/media/48410f3df60da620-s.woff2]
[naza-blond.vercel.app/_next/static/media/b8c37bb59076c047-s.woff2]
[naza-blond.vercel.app/_next/static/media/5bbac197f803cc34-s.woff2]
[naza-blond.vercel.app/_next/static/css/d0bad73f5a5d519e.css]
[naza-blond.vercel.app/_next/static/css/65906205cd45c85f.css]
[naza-blond.vercel.app/shoutout.html]
[naza-blond.vercel.app/_next/static/chunks/app/shoutout/page-cbe56dfe8f8c8005.js]
[naza-blond.vercel.app/gallery.html]
[naza-blond.vercel.app/_next/static/chunks/app/gallery/page-7a771c39ce488a92.js]
[naza-blond.vercel.app/gift.html]
[naza-blond.vercel.app/_next/static/chunks/app/gift/page-4438117dfbd3fb78.js]
[naza-blond.vercel.app/_next/static/chunks/b536a0f1-398ddf0b801ede08.js]
[naza-blond.vercel.app/_next/static/chunks/bd904a5c-683d0cf984be56ab.js]
[naza-blond.vercel.app/_next/static/chunks/83-ee897e9308c0b668.js]
[naza-blond.vercel.app/shoutouts.html]
[naza-blond.vercel.app/_next/static/chunks/app/shoutouts/page-5ededd3b19f843f0.js]
